------------------------------------------------------------
TimeQuest Timing Analyzer Summary
------------------------------------------------------------

Type  : Slow 1200mV 85C Model Setup 'clk'
Slack : -3.962
TNS   : -92.331

Type  : Slow 1200mV 85C Model Setup 'estado_atual.Sreset'
Slack : -1.758
TNS   : -10.095

Type  : Slow 1200mV 85C Model Hold 'clk'
Slack : 0.241
TNS   : 0.000

Type  : Slow 1200mV 85C Model Hold 'estado_atual.Sreset'
Slack : 0.314
TNS   : 0.000

Type  : Slow 1200mV 85C Model Minimum Pulse Width 'clk'
Slack : -3.000
TNS   : -50.000

Type  : Slow 1200mV 85C Model Minimum Pulse Width 'estado_atual.Sreset'
Slack : 0.440
TNS   : 0.000

Type  : Slow 1200mV 0C Model Setup 'clk'
Slack : -3.486
TNS   : -79.238

Type  : Slow 1200mV 0C Model Setup 'estado_atual.Sreset'
Slack : -1.553
TNS   : -8.911

Type  : Slow 1200mV 0C Model Hold 'clk'
Slack : 0.215
TNS   : 0.000

Type  : Slow 1200mV 0C Model Hold 'estado_atual.Sreset'
Slack : 0.393
TNS   : 0.000

Type  : Slow 1200mV 0C Model Minimum Pulse Width 'clk'
Slack : -3.000
TNS   : -50.000

Type  : Slow 1200mV 0C Model Minimum Pulse Width 'estado_atual.Sreset'
Slack : 0.470
TNS   : 0.000

Type  : Fast 1200mV 0C Model Setup 'clk'
Slack : -2.095
TNS   : -46.385

Type  : Fast 1200mV 0C Model Setup 'estado_atual.Sreset'
Slack : -0.705
TNS   : -3.035

Type  : Fast 1200mV 0C Model Hold 'clk'
Slack : 0.088
TNS   : 0.000

Type  : Fast 1200mV 0C Model Hold 'estado_atual.Sreset'
Slack : 0.271
TNS   : 0.000

Type  : Fast 1200mV 0C Model Minimum Pulse Width 'clk'
Slack : -3.000
TNS   : -51.646

Type  : Fast 1200mV 0C Model Minimum Pulse Width 'estado_atual.Sreset'
Slack : 0.394
TNS   : 0.000

------------------------------------------------------------
